warning: unreachable statement
  --> $DIR/issue-85071-2.rs:20:5
   |
LL |     let x = s.f();
   |             ----- this expression has type `Foo`, which is uninhabited
LL |
LL |     let _y = x;
   |     ^^^^^^^^^^^ unreachable statement
   |
note: the lint level is defined here
  --> $DIR/issue-85071-2.rs:7:26
   |
LL | #![warn(unused_variables,unreachable_code)]
   |                          ^^^^^^^^^^^^^^^^

warning: unused variable: `x`
  --> $DIR/issue-85071-2.rs:18:9
   |
LL |     let x = s.f();
   |         ^ help: if this is intentional, prefix it with an underscore: `_x`
   |
note: the lint level is defined here
  --> $DIR/issue-85071-2.rs:7:9
   |
LL | #![warn(unused_variables,unreachable_code)]
   |         ^^^^^^^^^^^^^^^^

warning: 2 warnings emitted

