warning: unstable feature specified for `-Ctarget-feature`: `avx512f`
   |
   = note: this feature is not stably supported; its behavior can change in the future

warning: 1 warning emitted

