error[E0433]: failed to resolve: use of undeclared crate or module `a`
  --> $DIR/macro-inner-attributes.rs:17:5
   |
LL |     a::bar();
   |     ^ use of undeclared crate or module `a`
   |
note: found an item that was configured out
  --> $DIR/macro-inner-attributes.rs:7:7
   |
LL | test!(a,
   |       ^
note: the item is gated here
  --> $DIR/macro-inner-attributes.rs:5:45
   |
LL |                        $i:item) => (mod $nm { #![$a] $i }); }
   |                                               ^^^^^^
LL |
LL | / test!(a,
LL | |       #[cfg(FALSE)],
LL | |       pub fn bar() { });
   | |_______________________- in this macro invocation
   = note: this error originates in the macro `test` (in Nightly builds, run with -Z macro-backtrace for more info)
help: there is a crate or module with a similar name
   |
LL |     b::bar();
   |     ~

error: aborting due to 1 previous error

For more information about this error, try `rustc --explain E0433`.
