warning: type `PrivTy` is more private than the item `PubAlias2`
  --> $DIR/private-in-public.rs:11:1
   |
LL | pub type PubAlias2 = PubTy::PubAssocTy<PrivTy>;
   | ^^^^^^^^^^^^^^^^^^ type alias `PubAlias2` is reachable at visibility `pub`
   |
note: but type `PrivTy` is only usable at visibility `pub(crate)`
  --> $DIR/private-in-public.rs:20:1
   |
LL | struct PrivTy;
   | ^^^^^^^^^^^^^
   = note: `#[warn(private_interfaces)]` on by default

warning: 1 warning emitted

