error[E0080]: evaluation of constant value failed
  --> $DIR/const_unsafe_unreachable_ub.rs:6:18
   |
LL |         false => std::hint::unreachable_unchecked(),
   |                  ^^^^^^^^^^^^^^^^^^^^^^^^^^^^^^^^^^ entering unreachable code
   |
note: inside `foo`
  --> $DIR/const_unsafe_unreachable_ub.rs:6:18
   |
LL |         false => std::hint::unreachable_unchecked(),
   |                  ^^^^^^^^^^^^^^^^^^^^^^^^^^^^^^^^^^
note: inside `BAR`
  --> $DIR/const_unsafe_unreachable_ub.rs:10:28
   |
LL | const BAR: bool = unsafe { foo(false) };
   |                            ^^^^^^^^^^

error: aborting due to 1 previous error

For more information about this error, try `rustc --explain E0080`.
