thread 'main' panicked at $DIR/extern-types-size_of_val.rs:1:1:
attempted to compute the size or alignment of extern type `A`
note: run with `RUST_BACKTRACE=1` environment variable to display a backtrace
thread caused non-unwinding panic. aborting.
