thread 'main' panicked at $DIR/extern-types-field-offset.rs:1:1:
attempted to compute the size or alignment of extern type `Opaque`
note: run with `RUST_BACKTRACE=1` environment variable to display a backtrace
thread caused non-unwinding panic. aborting.
